\t on
SET client_min_messages = error;
DROP SCHEMA IF EXISTS hoge CASCADE;
CREATE SCHEMA hoge;
RESET client_min_messages;
SET search_path = hoge,public;
CREATE TABLE tbl (
  id int,
  a  int,
  b  int,
  c  float,
  d  date,
  ts timestamp,
  tx text);
SELECT pgstrom.random_setseed(20230910);
 

INSERT INTO tbl (SELECT x, pgstrom.random_int(1, -3200000,  3200000),
	                   pgstrom.random_int(1, -3200000,  3200000),
			   pgstrom.random_float(1,  -100000.0,   100000.0),
			   pgstrom.random_date(1),
			   pgstrom.random_timestamp(1),
			   md5(random()::text)
		   FROM generate_series(1,40000) x);
\! $PG2ARROW_CMD -t hoge.tbl -o $MY_DATA_DIR/hoge.arrow
\set hoge_arrow `echo -n $MY_DATA_DIR/hoge.arrow`
IMPORT FOREIGN SCHEMA f_tbl FROM SERVER arrow_fdw INTO hoge
  OPTIONS (file :'hoge_arrow');
EXPLAIN (VERBOSE,COSTS OFF) SELECT a % 20, count(*), sum(b) from tbl group by 1;
 HashAggregate
   Output: ((a % 20)), pgstrom.fcount((pgstrom.nrows())), pgstrom.sum_int((pgstrom.psum((b)::bigint)))
   Group Key: ((tbl.a % 20))
   ->  Custom Scan (GpuPreAgg) on hoge.tbl
         Output: (pgstrom.nrows()), (pgstrom.psum((b)::bigint)), ((a % 20))
         GPU Projection: pgstrom.nrows(), pgstrom.psum((b)::bigint), (a % 20)
         GPU-Direct SQL: enabled (GPU-0)
         KVars: nslots: 5, nbytes: 60
         Scan VarLoads OpCode: {LoadVars: depth=0 kvars=[1:a, 4:b]}
         Group-By KeyHash OpCode: {HashValue arg={SaveExpr slot=0: arg={Func::int4mod(int4) args=[{Var(int4): slot_id=1}, {Const(int4): value='20'}]}}}
         Group-By KeyLoad OpCode: {LoadVars: depth=-2 kvars=[2:(a % 20)]}
         Group-By KeyComp OpCode: {Func::int4eq(bool) args=[{Var(int4): slot_id=0}, {Var(int4): slot_id=2}]}
         Partial Aggregation OpCode: {AggFuncs <nrows[*], psum::int[3], vref[0]> arg={SaveExpr slot=3: arg={Func::int8(int8) arg={Var(int4): slot_id=4}}}}

SELECT a % 20, count(*), sum(b) from tbl group by 1 order by 1;
      -19 |   992 |   14705931
      -18 |  1030 |   64624952
      -17 |  1012 |   40257801
      -16 |   998 |   23263259
      -15 |   954 |   20291763
      -14 |   960 |   16414857
      -13 |  1029 |  226602306
      -12 |   982 |   -3361500
      -11 |  1018 |   -9222114
      -10 |  1035 |   49434966
       -9 |  1026 |   10993072
       -8 |   971 |   16942591
       -7 |   959 |   19395772
       -6 |   969 |  -77869530
       -5 |  1033 |   66410720
       -4 |  1007 |   15368492
       -3 |   983 |  -54791904
       -2 |   968 |   15046711
       -1 |  1003 |   88119663
        0 |  1981 |  -21880964
        1 |   981 |  -33126691
        2 |   950 |   70528591
        3 |   938 |   93864758
        4 |   904 |  -30720873
        5 |   985 | -106187842
        6 |   995 |   -2090495
        7 |   964 |   -3520046
        8 |   988 |   -4607432
        9 |   984 |   -1692907
       10 |  1025 |  -57054610
       11 |  1019 |   -3808091
       12 |  1018 |  -13419083
       13 |   972 |   12662142
       14 |  1040 |   99281290
       15 |   980 |  104280980
       16 |  1059 |   -7224035
       17 |   953 |   71565624
       18 |   968 |  -69377957
       19 |   979 |   25140521
          |   388 |  -18250584

