---
--- test cases for custom data type int1
---
SET pg_strom.regression_test_mode = on;
SET client_min_messages = error;
DROP SCHEMA IF EXISTS custom_dtype_temp CASCADE;
CREATE SCHEMA custom_dtype_temp;
RESET client_min_messages;
SET search_path = custom_dtype_temp,public;
---
--- int1
---
--- data type define
CREATE TABLE int1_table(
    id  smallint,
    num1    int1
);
-- range check
INSERT INTO int1_table values (0,0);
INSERT INTO int1_table values (1,-128);  -- lower limit
INSERT INTO int1_table values (2,127);   -- upper limit
INSERT INTO int1_table values (3,-129);  -- lower error
ERROR:  tinyint out of range
INSERT INTO int1_table values (4,128);   -- upper error
ERROR:  tinyint out of range
-- cleanup temporary resource
SET client_min_messages = error;
DROP SCHEMA custom_dtype_temp CASCADE;
