"dns1","dns2","dns3"
"2016-10-03","48727-12-22 17:10:00.000","2016-10-03"
"2000-02-29","32131-03-12 06:26:29.012","2000-02-29"
,,
