--
-- Test for mathematical and trigonometric functions
--
RESET pg_strom.enabled;
SET enable_indexscan = off;
SELECT id, abs(b) v1, abs(d) v2, abs(f) v3, cbrt(f) v4, cbrt(b+d) v5
  INTO pg_temp.test01a
  FROM t_float2
 WHERE id > 750000 AND id % 5 = 0;
SELECT id, ceil(d) v1, exp(1 + 2*(f - trunc(f))) v2, floor(d) v3
  INTO pg_temp.test02a
  FROM t_float2
 WHERE id > 750000 AND id % 5 = 1;
SELECT id, ln(@d) v1, dlog1(@c) v2, log(@d) v3, dlog10(@f) v4, pi() v5
  INTO pg_temp.test03a
  FROM t_float2
 WHERE id > 750000 AND id % 5 = 2;
SELECT id, pow(@d, (@a) - trunc(@a)) v1, round(c) v2, sign(a) v3, sqrt(@e) v4
  INTO pg_temp.test04a
  FROM t_float2
 WHERE id > 750000 AND id % 5 = 3;
SELECT id, degrees(d) v1, radians(f) v2 
  INTO pg_temp.test05a
  FROM t_float2
 WHERE id > 750000 AND id % 5 = 4;
SELECT id, acos(d / 100000.0) v1, asin(f / 100000.0) v2
  INTO pg_temp.test06a
  FROM t_float2
 WHERE id > 750000 AND id % 4 = 0;
SELECT id, atan(d / 31764.0) v1, cos(d) v2, cot(e) v3, sin(f) v4, tan(f / 31764.0) v5
  INTO pg_temp.test07a
  FROM t_float2
 WHERE id > 750000 AND id % 4 = 0;
SET pg_strom.enabled = off;
RESET enable_indexscan;
SELECT id, abs(b) v1, abs(d) v2, abs(f) v3, cbrt(f) v4, cbrt(b+d) v5
  INTO pg_temp.test01b
  FROM t_float2
 WHERE id > 750000 AND id % 5 = 0;
SELECT id, ceil(d) v1, exp(1 + 2*(f - trunc(f))) v2, floor(d) v3
  INTO pg_temp.test02b
  FROM t_float2
 WHERE id > 750000 AND id % 5 = 1;
SELECT id, ln(@d) v1, dlog1(@c) v2, log(@d) v3, dlog10(@f) v4, pi() v5
  INTO pg_temp.test03b
  FROM t_float2
 WHERE id > 750000 AND id % 5 = 2;
SELECT id, pow(@d, (@a) - trunc(@a)) v1, round(c) v2, sign(a) v3, sqrt(@e) v4
  INTO pg_temp.test04b
  FROM t_float2
 WHERE id > 750000 AND id % 5 = 3;
SELECT id, degrees(d) v1, radians(f) v2 
  INTO pg_temp.test05b
  FROM t_float2
 WHERE id > 750000 AND id % 5 = 4;
SELECT id, acos(d / 100000.0) v1, asin(f / 100000.0) v2
  INTO pg_temp.test06b
  FROM t_float2
 WHERE id > 750000 AND id % 4 = 0;
SELECT id, atan(d / 31764.0) v1, cos(d) v2, cot(e) v3, sin(f) v4, tan(f / 31764.0) v5
  INTO pg_temp.test07b
  FROM t_float2
 WHERE id > 750000 AND id % 4 = 0;
--
-- Validation
--
SELECT * FROM pg_temp.test01a l FULL OUTER JOIN pg_temp.test01b r ON l.id = r.id
 WHERE l.id IS NULL
    OR r.id IS NULL
    OR abs(l.v1 - r.v1) > 0.001
    OR abs(l.v2 - r.v2) > 0.001
    OR abs(l.v3 - r.v3) > 0.001
    OR abs(l.v4 - r.v4) > 0.001
    OR abs(l.v5 - r.v5) > 0.001;
 id | v1 | v2 | v3 | v4 | v5 | id | v1 | v2 | v3 | v4 | v5 
----+----+----+----+----+----+----+----+----+----+----+----
(0 rows)

SELECT * FROM pg_temp.test02a l FULL OUTER JOIN pg_temp.test02b r ON l.id = r.id
 WHERE l.id IS NULL
    OR r.id IS NULL
    OR abs(l.v1 - r.v1) > 0.001
    OR abs(l.v2 - r.v2) > 0.001
    OR abs(l.v3 - r.v3) > 0.001;
 id | v1 | v2 | v3 | id | v1 | v2 | v3 
----+----+----+----+----+----+----+----
(0 rows)

SELECT * FROM pg_temp.test03a l FULL OUTER JOIN pg_temp.test03b r ON l.id = r.id
 WHERE l.id IS NULL
    OR r.id IS NULL
    OR abs(l.v1 - r.v1) > 0.001
    OR abs(l.v2 - r.v2) > 0.001
    OR abs(l.v3 - r.v3) > 0.001
    OR abs(l.v4 - r.v4) > 0.001
    OR abs(l.v5 - r.v5) > 0.001;
 id | v1 | v2 | v3 | v4 | v5 | id | v1 | v2 | v3 | v4 | v5 
----+----+----+----+----+----+----+----+----+----+----+----
(0 rows)

SELECT * FROM pg_temp.test04a l FULL OUTER JOIN pg_temp.test04b r ON l.id = r.id
 WHERE l.id IS NULL
    OR r.id IS NULL
    OR abs(l.v1 - r.v1) > 0.001
    OR abs(l.v2 - r.v2) > 0.001
    OR abs(l.v3 - r.v3) > 0.001
    OR abs(l.v4 - r.v4) > 0.001;
 id | v1 | v2 | v3 | v4 | id | v1 | v2 | v3 | v4 
----+----+----+----+----+----+----+----+----+----
(0 rows)

SELECT * FROM pg_temp.test05a l FULL OUTER JOIN pg_temp.test05b r ON l.id = r.id
 WHERE l.id IS NULL
    OR r.id IS NULL
    OR abs(l.v1 - r.v1) > 0.001
    OR abs(l.v2 - r.v2) > 0.001;
 id | v1 | v2 | id | v1 | v2 
----+----+----+----+----+----
(0 rows)

SELECT * FROM pg_temp.test06a l FULL OUTER JOIN pg_temp.test06b r ON l.id = r.id
 WHERE l.id IS NULL
    OR r.id IS NULL
    OR abs(l.v1 - r.v1) > 0.001
    OR abs(l.v2 - r.v2) > 0.001;
 id | v1 | v2 | id | v1 | v2 
----+----+----+----+----+----
(0 rows)

SELECT * FROM pg_temp.test07a l FULL OUTER JOIN pg_temp.test07b r ON l.id = r.id
 WHERE l.id IS NULL
    OR r.id IS NULL
    OR abs(l.v1 - r.v1) > 0.001
    OR abs(l.v2 - r.v2) > 0.001
    OR abs(l.v3 - r.v3) > 0.001
    OR abs(l.v4 - r.v4) > 0.001
    OR abs(l.v5 - r.v5) > 0.001;
 id | v1 | v2 | v3 | v4 | v5 | id | v1 | v2 | v3 | v4 | v5 
----+----+----+----+----+----+----+----+----+----+----+----
(0 rows)

