SET search_path = pgstrom_regress,public;
SET pg_strom.debug_kernel_source = off;
-- Q1_2
EXPLAIN(costs off, verbose)
select sum(lo_extendedprice*lo_discount) as revenue
from lineorder, date1
where lo_orderdate = d_datekey
  and d_yearmonthnum = 199401
  and lo_discount between 4 and 6
  and lo_quantity between 26 and 35;
                                                                                                       QUERY PLAN                                                                                                       
------------------------------------------------------------------------------------------------------------------------------------------------------------------------------------------------------------------------
 Finalize Aggregate
   Output: sum((lineorder.lo_extendedprice * lineorder.lo_discount))
   ->  Gather
         Output: (PARTIAL sum((lineorder.lo_extendedprice * lineorder.lo_discount)))
         Workers Planned: 2
         ->  Partial Aggregate
               Output: PARTIAL sum((lineorder.lo_extendedprice * lineorder.lo_discount))
               ->  Parallel Custom Scan (GpuJoin) on pgstrom_regress.lineorder
                     Output: lineorder.lo_extendedprice, lineorder.lo_discount
                     GPU Projection: lineorder.lo_extendedprice::numeric, lineorder.lo_discount::numeric
                     Outer Scan: pgstrom_regress.lineorder
                     Outer Scan Filter: ((lineorder.lo_discount >= '4'::numeric) AND (lineorder.lo_discount <= '6'::numeric) AND (lineorder.lo_quantity >= '26'::numeric) AND (lineorder.lo_quantity <= '35'::numeric))
                     Depth 1: GpuHashJoin  (nrows 266114...7746)
                              HashKeys: lineorder.lo_orderdate
                              JoinQuals: (lineorder.lo_orderdate = date1.d_datekey)
                              KDS-Hash (size: 6208B)
                     ->  Seq Scan on pgstrom_regress.date1
                           Output: date1.d_datekey
                           Filter: (date1.d_yearmonthnum = '199401'::numeric)
(19 rows)

select sum(lo_extendedprice*lo_discount) as revenue
from lineorder, date1
where lo_orderdate = d_datekey
  and d_yearmonthnum = 199401
  and lo_discount between 4 and 6
  and lo_quantity between 26 and 35;
   revenue    
--------------
 192370252105
(1 row)

